[    0.000000] microcode: microcode updated early to revision 0xca, date = 2019-10-03
[    0.000000] Initializing cgroup subsys cpuset
[    0.000000] Initializing cgroup subsys cpu
[    0.000000] Initializing cgroup subsys cpuacct
[    0.000000] Linux version 3.10.0-1127.8.2.el7.x86_64 (mockbuild@kbuilder.bsys.centos.org) (gcc version 4.8.5 20150623 (Red Hat 4.8.5-39) (GCC) ) #1 SMP Tue May 12 16:57:42 UTC 2020
[    0.000000] Command line: BOOT_IMAGE=/vmlinuz-3.10.0-1127.8.2.el7.x86_64 root=/dev/mapper/centos-root ro crashkernel=auto rd.lvm.lv=centos/root rd.lvm.lv=centos/swap LANG=en_US.UTF-8
[    0.000000] e820: BIOS-provided physical RAM map:
[    0.000000] BIOS-e820: [mem 0x0000000000000000-0x000000000009efff] usable
[    0.000000] BIOS-e820: [mem 0x000000000009f000-0x00000000000fffff] reserved
[    0.000000] BIOS-e820: [mem 0x0000000000100000-0x000000007ace8fff] usable
[    0.000000] BIOS-e820: [mem 0x000000007ace9000-0x000000007f8e8fff] reserved
[    0.000000] BIOS-e820: [mem 0x000000007f8e9000-0x000000007faa8fff] ACPI NVS
[    0.000000] BIOS-e820: [mem 0x000000007faa9000-0x000000007fb0dfff] ACPI data
[    0.000000] BIOS-e820: [mem 0x000000007fb0e000-0x000000007fb0efff] usable
[    0.000000] BIOS-e820: [mem 0x000000007fb0f000-0x000000008b7fffff] reserved
[    0.000000] BIOS-e820: [mem 0x00000000fe010000-0x00000000fe010fff] reserved
[    0.000000] BIOS-e820: [mem 0x0000000100000000-0x00000004727fffff] usable
[    0.000000] NX (Execute Disable) protection: active
[    0.000000] efi: EFI v2.60 by Phoenix Technologies Ltd.
[    0.000000] efi:  SMBIOS=0x7d8e6000  SMBIOS 3.0=0x7d8d9000  ACPI=0x7fb0d000  ACPI 2.0=0x7fb0d014  ESRT=0x7b8e5000 
[    0.000000] efi: mem00: type=7, attr=0xf, range=[0x0000000000000000-0x000000000009f000) (0MB)
[    0.000000] efi: mem01: type=0, attr=0xf, range=[0x000000000009f000-0x00000000000a0000) (0MB)
[    0.000000] efi: mem02: type=2, attr=0xf, range=[0x0000000000100000-0x0000000000101000) (0MB)
[    0.000000] efi: mem03: type=7, attr=0xf, range=[0x0000000000101000-0x0000000001000000) (14MB)
[    0.000000] efi: mem04: type=2, attr=0xf, range=[0x0000000001000000-0x0000000003161000) (33MB)
[    0.000000] efi: mem05: type=7, attr=0xf, range=[0x0000000003161000-0x000000003e048000) (942MB)
[    0.000000] efi: mem06: type=2, attr=0xf, range=[0x000000003e048000-0x0000000040000000) (31MB)
[    0.000000] efi: mem07: type=7, attr=0xf, range=[0x0000000040000000-0x00000000519d1000) (281MB)
[    0.000000] efi: mem08: type=2, attr=0xf, range=[0x00000000519d1000-0x000000006f2da000) (473MB)
[    0.000000] efi: mem09: type=4, attr=0xf, range=[0x000000006f2da000-0x000000006f2fa000) (0MB)
[    0.000000] efi: mem10: type=7, attr=0xf, range=[0x000000006f2fa000-0x00000000719f2000) (38MB)
[    0.000000] efi: mem11: type=1, attr=0xf, range=[0x00000000719f2000-0x0000000071afc000) (1MB)
[    0.000000] efi: mem12: type=2, attr=0xf, range=[0x0000000071afc000-0x0000000071c07000) (1MB)
[    0.000000] efi: mem13: type=1, attr=0xf, range=[0x0000000071c07000-0x0000000071d16000) (1MB)
[    0.000000] efi: mem14: type=4, attr=0xf, range=[0x0000000071d16000-0x0000000071f39000) (2MB)
[    0.000000] efi: mem15: type=3, attr=0xf, range=[0x0000000071f39000-0x0000000071fca000) (0MB)
[    0.000000] efi: mem16: type=4, attr=0xf, range=[0x0000000071fca000-0x0000000071fe3000) (0MB)
[    0.000000] efi: mem17: type=3, attr=0xf, range=[0x0000000071fe3000-0x0000000071fff000) (0MB)
[    0.000000] efi: mem18: type=4, attr=0xf, range=[0x0000000071fff000-0x0000000072ab1000) (10MB)
[    0.000000] efi: mem19: type=3, attr=0xf, range=[0x0000000072ab1000-0x0000000072ada000) (0MB)
[    0.000000] efi: mem20: type=7, attr=0xf, range=[0x0000000072ada000-0x0000000072ae7000) (0MB)
[    0.000000] efi: mem21: type=2, attr=0xf, range=[0x0000000072ae7000-0x0000000072ae9000) (0MB)
[    0.000000] efi: mem22: type=7, attr=0xf, range=[0x0000000072ae9000-0x0000000075c0a000) (49MB)
[    0.000000] efi: mem23: type=4, attr=0xf, range=[0x0000000075c0a000-0x0000000076019000) (4MB)
[    0.000000] efi: mem24: type=7, attr=0xf, range=[0x0000000076019000-0x00000000762e3000) (2MB)
[    0.000000] efi: mem25: type=4, attr=0xf, range=[0x00000000762e3000-0x000000007633c000) (0MB)
[    0.000000] efi: mem26: type=7, attr=0xf, range=[0x000000007633c000-0x00000000763b2000) (0MB)
[    0.000000] efi: mem27: type=4, attr=0xf, range=[0x00000000763b2000-0x000000007686c000) (4MB)
[    0.000000] efi: mem28: type=7, attr=0xf, range=[0x000000007686c000-0x000000007687a000) (0MB)
[    0.000000] efi: mem29: type=4, attr=0xf, range=[0x000000007687a000-0x0000000076ce4000) (4MB)
[    0.000000] efi: mem30: type=7, attr=0xf, range=[0x0000000076ce4000-0x0000000076d04000) (0MB)
[    0.000000] efi: mem31: type=4, attr=0xf, range=[0x0000000076d04000-0x0000000076d0a000) (0MB)
[    0.000000] efi: mem32: type=7, attr=0xf, range=[0x0000000076d0a000-0x0000000076d12000) (0MB)
[    0.000000] efi: mem33: type=4, attr=0xf, range=[0x0000000076d12000-0x0000000076d14000) (0MB)
[    0.000000] efi: mem34: type=7, attr=0xf, range=[0x0000000076d14000-0x0000000076d1e000) (0MB)
[    0.000000] efi: mem35: type=4, attr=0xf, range=[0x0000000076d1e000-0x0000000078ee9000) (33MB)
[    0.000000] efi: mem36: type=7, attr=0xf, range=[0x0000000078ee9000-0x000000007a593000) (22MB)
[    0.000000] efi: mem37: type=3, attr=0xf, range=[0x000000007a593000-0x000000007ace9000) (7MB)
[    0.000000] efi: mem38: type=5, attr=0x800000000000000f, range=[0x000000007ace9000-0x000000007ade9000) (1MB)
[    0.000000] efi: mem39: type=6, attr=0x800000000000000f, range=[0x000000007ade9000-0x000000007d8e9000) (43MB)
[    0.000000] efi: mem40: type=0, attr=0xf, range=[0x000000007d8e9000-0x000000007f8e9000) (32MB)
[    0.000000] efi: mem41: type=10, attr=0xf, range=[0x000000007f8e9000-0x000000007faa9000) (1MB)
[    0.000000] efi: mem42: type=9, attr=0xf, range=[0x000000007faa9000-0x000000007fb0e000) (0MB)
[    0.000000] efi: mem43: type=4, attr=0xf, range=[0x000000007fb0e000-0x000000007fb0f000) (0MB)
[    0.000000] efi: mem44: type=7, attr=0xf, range=[0x0000000100000000-0x0000000472800000) (14120MB)
[    0.000000] efi: mem45: type=0, attr=0x0, range=[0x00000000000a0000-0x0000000000100000) (0MB)
[    0.000000] efi: mem46: type=0, attr=0xf, range=[0x000000007fb0f000-0x0000000088000000) (132MB)
[    0.000000] efi: mem47: type=0, attr=0x0, range=[0x0000000088000000-0x000000008b800000) (56MB)
[    0.000000] efi: mem48: type=11, attr=0x8000000000000001, range=[0x00000000fe010000-0x00000000fe011000) (0MB)
[    0.000000] esrt: Reserving ESRT space from 0x000000007b8e5000 to 0x000000007b8e5038.
[    0.000000] SMBIOS 3.1.1 present.
[    0.000000] DMI: LG Electronics                   14ZD990-GX50K/14Z990, BIOS W1ZD1220 X64 04/04/2019
[    0.000000] e820: update [mem 0x00000000-0x00000fff] usable ==> reserved
[    0.000000] e820: remove [mem 0x000a0000-0x000fffff] usable
[    0.000000] e820: last_pfn = 0x472800 max_arch_pfn = 0x400000000
[    0.000000] MTRR default type: write-back
[    0.000000] MTRR fixed ranges enabled:
[    0.000000]   00000-9FFFF write-back
[    0.000000]   A0000-BFFFF uncachable
[    0.000000]   C0000-FFFFF write-back
[    0.000000] MTRR variable ranges enabled:
[    0.000000]   0 base 00C0000000 mask 7FC0000000 uncachable
[    0.000000]   1 base 00A0000000 mask 7FE0000000 uncachable
[    0.000000]   2 base 0090000000 mask 7FF0000000 uncachable
[    0.000000]   3 base 008C000000 mask 7FFC000000 uncachable
[    0.000000]   4 base 008A000000 mask 7FFE000000 uncachable
[    0.000000]   5 base 0089000000 mask 7FFF000000 uncachable
[    0.000000]   6 base 2000000000 mask 6000000000 uncachable
[    0.000000]   7 base 1000000000 mask 7000000000 uncachable
[    0.000000]   8 base 0800000000 mask 7800000000 uncachable
[    0.000000]   9 base 4000000000 mask 4000000000 uncachable
[    0.000000] PAT configuration [0-7]: WB  WC  UC- UC  WB  WP  UC- UC  
[    0.000000] e820: last_pfn = 0x7fb0f max_arch_pfn = 0x400000000
[    0.000000] Base memory trampoline at [ffff94fbc0099000] 99000 size 24576
[    0.000000] Using GB pages for direct mapping
[    0.000000] BRK [0x342873000, 0x342873fff] PGTABLE
[    0.000000] BRK [0x342874000, 0x342874fff] PGTABLE
[    0.000000] BRK [0x342875000, 0x342875fff] PGTABLE
[    0.000000] BRK [0x342876000, 0x342876fff] PGTABLE
[    0.000000] BRK [0x342877000, 0x342877fff] PGTABLE
[    0.000000] BRK [0x342878000, 0x342878fff] PGTABLE
[    0.000000] BRK [0x342879000, 0x342879fff] PGTABLE
[    0.000000] BRK [0x34287a000, 0x34287afff] PGTABLE
[    0.000000] BRK [0x34287b000, 0x34287bfff] PGTABLE
[    0.000000] RAMDISK: [mem 0x3e048000-0x3fffdfff]
[    0.000000] Early table checksum verification disabled
[    0.000000] ACPI: RSDP 000000007fb0d014 00024 (v02 LGE   )
[    0.000000] ACPI: XSDT 000000007fb0a188 00114 (v01 LGE    LGPC     20170001 PTEC 00000002)
[    0.000000] ACPI: FACP 000000007d745000 00114 (v06 LGE    LGPC     20170001 PTEC 00000002)
[    0.000000] ACPI: DSDT 000000007d700000 416F2 (v02 LGE    LGPC     20170001 INTL 20160422)
[    0.000000] ACPI: FACS 000000007fa0c000 00040
[    0.000000] ACPI: SSDT 000000007d7e9000 01B1C (v02 LGE     CpuSsdt 00003000 INTL 20160527)
[    0.000000] ACPI: SSDT 000000007d7e8000 00E3A (v02 LGE     XnSsdt  00003000 INTL 20160527)
[    0.000000] ACPI: SSDT 000000007d7e3000 046A2 (v01 LGE    FwiTable 00001000 INTL 20160527)
[    0.000000] ACPI: SSDT 000000007d7a5000 083C4 (v02 LGE    DptfTabl 00001000 INTL 20160527)
[    0.000000] ACPI: PMCT 000000007d7a4000 00053 (v02 LGE    LGPC     00000000 PTEC 00000002)
[    0.000000] ACPI: SSDT 000000007d747000 031C6 (v02 LGE     SaSsdt  00003000 INTL 20160527)
[    0.000000] ACPI: ECDT 000000007d746000 00069 (v01 LGE    LGPC     20170001 PTEC 00000002)
[    0.000000] ACPI: HPET 000000007d744000 00038 (v01 LGE    LGPC     20170001 PTEC 00000002)
[    0.000000] ACPI: APIC 000000007d743000 0012C (v03 LGE    LGPC     20170001 PTEC 00000002)
[    0.000000] ACPI: MCFG 000000007d742000 0003C (v01 LGE    LGPC     20170001 PTEC 00000002)
[    0.000000] ACPI: SSDT 000000007d6ff000 00112 (v02 LGE    Ther_Rvp 00001000 INTL 20160527)
[    0.000000] ACPI: SSDT 000000007d6fc000 02AFD (v02 LGE    xh_whld4 00000000 INTL 20160527)
[    0.000000] ACPI: BOOT 000000007d6fb000 00028 (v01 LGE    LGPC     00000002 PTEC 00000002)
[    0.000000] ACPI: SSDT 000000007d6fa000 0045A (v02 LGE    Tpm2Tabl 00001000 INTL 20160527)
[    0.000000] ACPI: SSDT 000000007d6f9000 00046 (v02 LGE     MeSsdt  00003000 INTL 20160527)
[    0.000000] ACPI: TPM2 000000007d6f8000 00034 (v03 LGE    LGPC     00000002 PTEC 00000002)
[    0.000000] ACPI: UEFI 000000007f8fe000 00042 (v01 LGE    LGPC     20170001 PTEC 00000002)
[    0.000000] ACPI: SSDT 000000007d6f5000 017D5 (v02 LGE    UsbCTabl 00001000 INTL 20160527)
[    0.000000] ACPI: LPIT 000000007d6f4000 0005C (v01 LGE    LGPC     20170001 PTEC 00000002)
[    0.000000] ACPI: WSMT 000000007d6f3000 00028 (v01 LGE    LGPC     20170001 PTEC 00000002)
[    0.000000] ACPI: SSDT 000000007d6f1000 013FF (v02 LGE    TbtTypeC 00000000 INTL 20160527)
[    0.000000] ACPI: DBGP 000000007d6f0000 00034 (v01 LGE    LGPC     20170001 PTEC 00000002)
[    0.000000] ACPI: DBG2 000000007d6ef000 00054 (v00 LGE    LGPC     20170001 PTEC 00000002)
[    0.000000] ACPI: POAT 000000007d6ee000 00055 (v03 LGE    LGPC     00000000 PTEC 00000002)
[    0.000000] ACPI: BATB 000000007d6ec000 0004A (v02 LGE    LGPC     00000000 PTEC 00000002)
[    0.000000] ACPI: DMAR 000000007b8ea000 000A8 (v01 LGE    LGPC     00000002 PTEC 00000002)
[    0.000000] ACPI: FPDT 000000007b8e3000 00044 (v01 LGE    LGPC     20170001 PTEC 00000002)
[    0.000000] ACPI: BGRT 000000007b8e2000 00038 (v01 LGE    LGPC     20170001 PTEC 00000002)
[    0.000000] ACPI: UEFI 000000007f8fd000 00116 (v01 LGE    LGPC     00000001 PTEC 00000002)
[    0.000000] ACPI: Local APIC address 0xfee00000
[    0.000000] No NUMA configuration found
[    0.000000] Faking a node at [mem 0x0000000000000000-0x00000004727fffff]
[    0.000000] NODE_DATA(0) allocated [mem 0x4727d9000-0x4727fffff]
[    0.000000] Reserving 161MB of memory at 720MB for crashkernel (System RAM: 16084MB)
[    0.000000] Zone ranges:
[    0.000000]   DMA      [mem 0x00001000-0x00ffffff]
[    0.000000]   DMA32    [mem 0x01000000-0xffffffff]
[    0.000000]   Normal   [mem 0x100000000-0x4727fffff]
[    0.000000] Movable zone start for each node
[    0.000000] Early memory node ranges
[    0.000000]   node   0: [mem 0x00001000-0x0009efff]
[    0.000000]   node   0: [mem 0x00100000-0x7ace8fff]
[    0.000000]   node   0: [mem 0x7fb0e000-0x7fb0efff]
[    0.000000]   node   0: [mem 0x100000000-0x4727fffff]
[    0.000000] Initmem setup node 0 [mem 0x00001000-0x4727fffff]
[    0.000000] On node 0 totalpages: 4117640
[    0.000000]   DMA zone: 64 pages used for memmap
[    0.000000]   DMA zone: 21 pages reserved
[    0.000000]   DMA zone: 3998 pages, LIFO batch:0
[    0.000000]   DMA32 zone: 7796 pages used for memmap
[    0.000000]   DMA32 zone: 498922 pages, LIFO batch:31
[    0.000000]   Normal zone: 56480 pages used for memmap
[    0.000000]   Normal zone: 3614720 pages, LIFO batch:31
[    0.000000] Reserving Intel graphics memory at [mem 0x89800000-0x8b7fffff]
[    0.000000] ACPI: PM-Timer IO Port: 0x1808
[    0.000000] ACPI: Local APIC address 0xfee00000
[    0.000000] ACPI: LAPIC (acpi_id[0x01] lapic_id[0x00] enabled)
[    0.000000] ACPI: LAPIC (acpi_id[0x02] lapic_id[0x02] enabled)
[    0.000000] ACPI: LAPIC (acpi_id[0x03] lapic_id[0x04] enabled)
[    0.000000] ACPI: LAPIC (acpi_id[0x04] lapic_id[0x06] enabled)
[    0.000000] ACPI: LAPIC (acpi_id[0x05] lapic_id[0x01] enabled)
[    0.000000] ACPI: LAPIC (acpi_id[0x06] lapic_id[0x03] enabled)
[    0.000000] ACPI: LAPIC (acpi_id[0x07] lapic_id[0x05] enabled)
[    0.000000] ACPI: LAPIC (acpi_id[0x08] lapic_id[0x07] enabled)
[    0.000000] ACPI: LAPIC (acpi_id[0x09] lapic_id[0xff] disabled)
[    0.000000] ACPI: LAPIC (acpi_id[0x0a] lapic_id[0xff] disabled)
[    0.000000] ACPI: LAPIC (acpi_id[0x0b] lapic_id[0xff] disabled)
[    0.000000] ACPI: LAPIC (acpi_id[0x0c] lapic_id[0xff] disabled)
[    0.000000] ACPI: LAPIC (acpi_id[0x0d] lapic_id[0xff] disabled)
[    0.000000] ACPI: LAPIC (acpi_id[0x0e] lapic_id[0xff] disabled)
[    0.000000] ACPI: LAPIC (acpi_id[0x0f] lapic_id[0xff] disabled)
[    0.000000] ACPI: LAPIC (acpi_id[0x10] lapic_id[0xff] disabled)
[    0.000000] ACPI: LAPIC_NMI (acpi_id[0x01] high edge lint[0x1])
[    0.000000] ACPI: LAPIC_NMI (acpi_id[0x02] high edge lint[0x1])
[    0.000000] ACPI: LAPIC_NMI (acpi_id[0x03] high edge lint[0x1])
[    0.000000] ACPI: LAPIC_NMI (acpi_id[0x04] high edge lint[0x1])
[    0.000000] ACPI: LAPIC_NMI (acpi_id[0x05] high edge lint[0x1])
[    0.000000] ACPI: LAPIC_NMI (acpi_id[0x06] high edge lint[0x1])
[    0.000000] ACPI: LAPIC_NMI (acpi_id[0x07] high edge lint[0x1])
[    0.000000] ACPI: LAPIC_NMI (acpi_id[0x08] high edge lint[0x1])
[    0.000000] ACPI: LAPIC_NMI (acpi_id[0x09] high edge lint[0x1])
[    0.000000] ACPI: LAPIC_NMI (acpi_id[0x0a] high edge lint[0x1])
[    0.000000] ACPI: LAPIC_NMI (acpi_id[0x0b] high edge lint[0x1])
[    0.000000] ACPI: LAPIC_NMI (acpi_id[0x0c] high edge lint[0x1])
[    0.000000] ACPI: LAPIC_NMI (acpi_id[0x0d] high edge lint[0x1])
[    0.000000] ACPI: LAPIC_NMI (acpi_id[0x0e] high edge lint[0x1])
[    0.000000] ACPI: LAPIC_NMI (acpi_id[0x0f] high edge lint[0x1])
[    0.000000] ACPI: LAPIC_NMI (acpi_id[0x10] high edge lint[0x1])
[    0.000000] ACPI: IOAPIC (id[0x02] address[0xfec00000] gsi_base[0])
[    0.000000] IOAPIC[0]: apic_id 2, version 32, address 0xfec00000, GSI 0-119
[    0.000000] ACPI: INT_SRC_OVR (bus 0 bus_irq 0 global_irq 2 dfl dfl)
[    0.000000] ACPI: INT_SRC_OVR (bus 0 bus_irq 9 global_irq 9 high level)
[    0.000000] ACPI: IRQ0 used by override.
[    0.000000] ACPI: IRQ9 used by override.
[    0.000000] Using ACPI (MADT) for SMP configuration information
[    0.000000] ACPI: HPET id: 0x8086a201 base: 0xfed00000
[    0.000000] smpboot: Allowing 8 CPUs, 0 hotplug CPUs
[    0.000000] smpboot: Ignoring 8 unusable CPUs in ACPI table
[    0.000000] PM: Registered nosave memory: [mem 0x0009f000-0x000fffff]
[    0.000000] PM: Registered nosave memory: [mem 0x7ace9000-0x7f8e8fff]
[    0.000000] PM: Registered nosave memory: [mem 0x7f8e9000-0x7faa8fff]
[    0.000000] PM: Registered nosave memory: [mem 0x7faa9000-0x7fb0dfff]
[    0.000000] PM: Registered nosave memory: [mem 0x7fb0f000-0x8b7fffff]
[    0.000000] PM: Registered nosave memory: [mem 0x8b800000-0xfe00ffff]
[    0.000000] PM: Registered nosave memory: [mem 0xfe010000-0xfe010fff]
[    0.000000] PM: Registered nosave memory: [mem 0xfe011000-0xffffffff]
[    0.000000] e820: [mem 0x8b800000-0xfe00ffff] available for PCI devices
[    0.000000] Booting paravirtualized kernel on bare hardware
[    0.000000] setup_percpu: NR_CPUS:5120 nr_cpumask_bits:8 nr_cpu_ids:8 nr_node_ids:1
[    0.000000] percpu: Embedded 38 pages/cpu s118784 r8192 d28672 u262144
[    0.000000] pcpu-alloc: s118784 r8192 d28672 u262144 alloc=1*2097152
[    0.000000] pcpu-alloc: [0] 0 1 2 3 4 5 6 7 
[    0.000000] Built 1 zonelists in Zone order, mobility grouping on.  Total pages: 4053279
[    0.000000] Policy zone: Normal
[    0.000000] Kernel command line: BOOT_IMAGE=/vmlinuz-3.10.0-1127.8.2.el7.x86_64 root=/dev/mapper/centos-root ro crashkernel=auto rd.lvm.lv=centos/root rd.lvm.lv=centos/swap LANG=en_US.UTF-8
[    0.000000] PID hash table entries: 4096 (order: 3, 32768 bytes)
[    0.000000] x86/fpu: xstate_offset[2]: 0240, xstate_sizes[2]: 0100
[    0.000000] x86/fpu: xstate_offset[3]: 03c0, xstate_sizes[3]: 0040
[    0.000000] x86/fpu: xstate_offset[4]: 0400, xstate_sizes[4]: 0040
[    0.000000] xsave: enabled xstate_bv 0x1f, cntxt size 0x440 using standard form
[    0.000000] Memory: 3775592k/18653184k available (7784k kernel code, 2182624k absent, 614396k reserved, 5957k data, 1980k init)
[    0.000000] SLUB: HWalign=64, Order=0-3, MinObjects=0, CPUs=8, Nodes=1
[    0.000000] Hierarchical RCU implementation.
[    0.000000] 	RCU restricting CPUs from NR_CPUS=5120 to nr_cpu_ids=8.
[    0.000000] NR_IRQS:327936 nr_irqs:2048 0
[    0.000000] Console: colour dummy device 80x25
[    0.000000] console [tty0] enabled
[    0.000000] allocated 66584576 bytes of page_cgroup
[    0.000000] please try 'cgroup_disable=memory' option if you don't want memory cgroups
[    0.000000] hpet clockevent registered
[    0.000000] tsc: Detected 1800.000 MHz processor
[    0.000026] Calibrating delay loop (skipped), value calculated using timer frequency.. 3600.00 BogoMIPS (lpj=1800000)
[    0.000031] pid_max: default: 32768 minimum: 301
[    0.000312] Security Framework initialized
[    0.000318] SELinux:  Initializing.
[    0.000327] SELinux:  Starting in permissive mode
[    0.000328] Yama: becoming mindful.
[    0.001203] Dentry cache hash table entries: 2097152 (order: 12, 16777216 bytes)
[    0.003675] Inode-cache hash table entries: 1048576 (order: 11, 8388608 bytes)
[    0.004838] Mount-cache hash table entries: 32768 (order: 6, 262144 bytes)
[    0.004853] Mountpoint-cache hash table entries: 32768 (order: 6, 262144 bytes)
[    0.005108] Initializing cgroup subsys memory
[    0.005113] Initializing cgroup subsys devices
[    0.005116] Initializing cgroup subsys freezer
[    0.005118] Initializing cgroup subsys net_cls
[    0.005121] Initializing cgroup subsys blkio
[    0.005123] Initializing cgroup subsys perf_event
[    0.005126] Initializing cgroup subsys hugetlb
[    0.005128] Initializing cgroup subsys pids
[    0.005130] Initializing cgroup subsys net_prio
[    0.005158] ENERGY_PERF_BIAS: Set to 'normal', was 'performance'
[    0.005160] ENERGY_PERF_BIAS: View and update with x86_energy_perf_policy(8)
[    0.006843] CPU0: Thermal monitoring enabled (TM1)
[    0.006865] Last level iTLB entries: 4KB 0, 2MB 0, 4MB 0
[    0.006867] Last level dTLB entries: 4KB 64, 2MB 0, 4MB 0
[    0.006869] tlb_flushall_shift: 6
[    0.006890] FEATURE SPEC_CTRL Present
[    0.006891] FEATURE IBPB_SUPPORT Present
[    0.006894] Spectre V1 : Mitigation: Load fences, usercopy/swapgs barriers and __user pointer sanitization
[    0.006898] Spectre V2 : Enabling Indirect Branch Prediction Barrier
[    0.006916] Using IBRS as the default Spectre v2 mitigation for a Skylake-
[    0.006918] generation CPU.  This may have a negative performance impact.
[    0.006920] Spectre V2 : Mitigation: IBRS (kernel)
[    0.006931] Speculative Store Bypass: Mitigation: Speculative Store Bypass disabled via prctl and seccomp
[    0.006947] MDS: Mitigation: Clear CPU buffers
[    0.007358] Freeing SMP alternatives: 28k freed
[    0.008920] ACPI: Core revision 20130517
[    0.038814] ACPI: All ACPI Tables successfully acquired
[    0.041898] ftrace: allocating 29617 entries in 116 pages
[    0.052286] DMAR: Host address width 39
[    0.052290] DMAR: DRHD base: 0x000000fed90000 flags: 0x0
[    0.052298] DMAR: dmar0: reg_base_addr fed90000 ver 1:0 cap 1c0000c40660462 ecap 19e2ff0505e
[    0.052301] DMAR: DRHD base: 0x000000fed91000 flags: 0x1
[    0.052307] DMAR: dmar1: reg_base_addr fed91000 ver 1:0 cap d2008c40660462 ecap f050da
[    0.052310] DMAR: RMRR base: 0x0000007f8a5000 end: 0x0000007f8c4fff
[    0.052313] DMAR: RMRR base: 0x00000089000000 end: 0x0000008b7fffff
[    0.052316] DMAR-IR: IOAPIC id 2 under DRHD base  0xfed91000 IOMMU 1
[    0.052318] DMAR-IR: HPET id 0 under DRHD base 0xfed91000
[    0.052320] DMAR-IR: Queued invalidation will be enabled to support x2apic and Intr-remapping.
[    0.054158] DMAR-IR: Enabled IRQ remapping in x2apic mode
[    0.054160] Enabling x2apic
[    0.054162] Enabled x2apic
[    0.054177] Switched APIC routing to cluster x2apic.
[    0.060030] ..TIMER: vector=0x30 apic1=0 pin1=2 apic2=-1 pin2=-1
[    0.070041] smpboot: CPU0: Intel(R) Core(TM) i5-8265U CPU @ 1.60GHz (fam: 06, model: 8e, stepping: 0b)
[    0.070057] TSC deadline timer enabled
[    0.070092] Performance Events: PEBS fmt3+, Skylake events, 32-deep LBR, full-width counters, Intel PMU driver.
[    0.070101] ... version:                4
[    0.070103] ... bit width:              48
[    0.070105] ... generic registers:      4
[    0.070107] ... value mask:             0000ffffffffffff
[    0.070109] ... max period:             00007fffffffffff
[    0.070111] ... fixed-purpose events:   3
[    0.070112] ... event mask:             000000070000000f
[    0.073383] NMI watchdog: enabled on all CPUs, permanently consumes one hw-PMU counter.
[    0.071126] smpboot: Booting Node   0, Processors  #1 #2 #3 #4
[    0.079818] MDS CPU bug present and SMT on, data leak possible. See https://www.kernel.org/doc/html/latest/admin-guide/hw-vuln/mds.html for more details.
[    0.079872]  #5 #6 #7 OK
[    0.086278] Brought up 8 CPUs
[    0.086282] smpboot: Max logical packages: 1
[    0.086284] smpboot: Total of 8 processors activated (28800.00 BogoMIPS)
[    0.167288] node 0 initialised, 3020143 pages in 74ms
[    0.167444] devtmpfs: initialized
[    0.167520] x86/mm: Memory block size: 128MB
[    0.170591] EVM: security.selinux
[    0.170594] EVM: security.ima
[    0.170596] EVM: security.capability
[    0.170665] PM: Registering ACPI NVS region [mem 0x7f8e9000-0x7faa8fff] (1835008 bytes)
[    0.171759] atomic64 test passed for x86-64 platform with CX8 and with SSE
[    0.171764] pinctrl core: initialized pinctrl subsystem
[    0.171956] RTC time: 22:58:32, date: 06/22/20
[    0.172023] NET: Registered protocol family 16
[    0.172215] ACPI: bus type PCI registered
[    0.172219] acpiphp: ACPI Hot Plug PCI Controller Driver version: 0.5
[    0.172300] PCI: MMCONFIG for domain 0000 [bus 00-ff] at [mem 0xe0000000-0xefffffff] (base 0xe0000000)
[    0.172305] PCI: not using MMCONFIG
[    0.172308] PCI: Using configuration type 1 for base access
[    0.179041] ACPI: Added _OSI(Module Device)
[    0.179047] ACPI: Added _OSI(Processor Device)
[    0.179052] ACPI: Added _OSI(3.0 _SCP Extensions)
[    0.179057] ACPI: Added _OSI(Processor Aggregator Device)
[    0.179062] ACPI: Added _OSI(Linux-Dell-Video)
[    0.184162] ACPI: EC: EC description table is found, configuring boot EC
[    0.219024] ACPI: Executed 63 blocks of module-level executable AML code
[    0.235786] ACPI: Dynamic OEM Table Load:
[    0.235933] ACPI: SSDT ffff94ff02885d00 000F4 (v02  PmRef  Cpu0Psd 00003000 INTL 20160527)
[    0.236702] ACPI: Executed 1 blocks of module-level executable AML code
[    0.236790] ACPI: \_SB_.PR00: _OSC native thermal LVT Acked
[    0.238046] ACPI: Dynamic OEM Table Load:
[    0.238059] ACPI: SSDT ffff94ff0288e000 00400 (v02  PmRef  Cpu0Cst 00003001 INTL 20160527)
[    0.238866] ACPI: Executed 1 blocks of module-level executable AML code
[    0.239014] ACPI: Dynamic OEM Table Load:
[    0.239025] ACPI: SSDT ffff94ff02894000 004FD (v02  PmRef  Cpu0Ist 00003000 INTL 20160527)
[    0.239812] ACPI: Executed 1 blocks of module-level executable AML code
[    0.240200] ACPI: Dynamic OEM Table Load:
[    0.240212] ACPI: SSDT ffff94ff02895000 005FC (v02  PmRef    ApIst 00003000 INTL 20160527)
[    0.241096] ACPI: Executed 1 blocks of module-level executable AML code
[    0.241232] ACPI: Dynamic OEM Table Load:
[    0.241243] ACPI: SSDT ffff94ff0288e400 00317 (v02  PmRef    ApHwp 00003000 INTL 20160527)
[    0.242077] ACPI: Executed 1 blocks of module-level executable AML code
[    0.242290] ACPI: Dynamic OEM Table Load:
[    0.242302] ACPI: SSDT ffff94ff02988000 00AB0 (v02  PmRef    ApPsd 00003000 INTL 20160527)
[    0.243194] ACPI: Executed 1 blocks of module-level executable AML code
[    0.243335] ACPI: Dynamic OEM Table Load:
[    0.243345] ACPI: SSDT ffff94ff0288e800 0030A (v02  PmRef    ApCst 00003000 INTL 20160527)
[    0.244186] ACPI: Executed 1 blocks of module-level executable AML code
[    0.246752] ACPI: Interpreter enabled
[    0.246789] ACPI: (supports S0 S3 S4 S5)
[    0.246792] ACPI: Using IOAPIC for interrupt routing
[    0.246817] PCI: MMCONFIG for domain 0000 [bus 00-ff] at [mem 0xe0000000-0xefffffff] (base 0xe0000000)
[    0.249019] PCI: MMCONFIG at [mem 0xe0000000-0xefffffff] reserved in ACPI motherboard resources
[    0.249041] PCI: Using host bridge windows from ACPI; if necessary, use "pci=nocrs" and report a bug
[    0.249105] ACPI: Enabled 6 GPEs in block 00 to 7F
[    0.255664] ACPI: Power Resource [USBC] (on)
[    0.264108] ACPI: Power Resource [V0PR] (on)
[    0.264295] ACPI: Power Resource [V1PR] (on)
[    0.264478] ACPI: Power Resource [V2PR] (on)
[    0.266474] ACPI: Power Resource [WRST] (on)
[    0.269691] ACPI: Power Resource [PIN] (off)
[    0.270063] ACPI: PCI Root Bridge [PCI0] (domain 0000 [bus 00-fe])
[    0.270070] acpi PNP0A08:00: _OSC: OS supports [ExtendedConfig ASPM ClockPM Segments MSI]
[    0.272349] acpi PNP0A08:00: _OSC: OS now controls [PCIeHotplug SHPCHotplug PME AER PCIeCapability]
[    0.274049] PCI host bridge to bus 0000:00
[    0.274053] pci_bus 0000:00: root bus resource [io  0x0000-0x0cf7 window]
[    0.274057] pci_bus 0000:00: root bus resource [io  0x0d00-0xffff window]
[    0.274060] pci_bus 0000:00: root bus resource [mem 0x000a0000-0x000bffff window]
[    0.274065] pci_bus 0000:00: root bus resource [mem 0x8b800000-0xdfffffff window]
[    0.274069] pci_bus 0000:00: root bus resource [mem 0xfc800000-0xfe7fffff window]
[    0.274074] pci_bus 0000:00: root bus resource [bus 00-fe]
[    0.274083] pci 0000:00:00.0: [8086:3e34] type 00 class 0x060000
[    0.274840] pci 0000:00:02.0: [8086:3ea0] type 00 class 0x030000
[    0.274850] pci 0000:00:02.0: reg 0x10: [mem 0xa0000000-0xa0ffffff 64bit]
[    0.274856] pci 0000:00:02.0: reg 0x18: [mem 0x90000000-0x9fffffff 64bit pref]
[    0.274861] pci 0000:00:02.0: reg 0x20: [io  0x3000-0x303f]
[    0.275463] pci 0000:00:04.0: [8086:1903] type 00 class 0x118000
[    0.275474] pci 0000:00:04.0: reg 0x10: [mem 0xa2610000-0xa2617fff 64bit]
[    0.276165] pci 0000:00:12.0: [8086:9df9] type 00 class 0x118000
[    0.276184] pci 0000:00:12.0: reg 0x10: [mem 0xa2624000-0xa2624fff 64bit]
[    0.276844] pci 0000:00:14.0: [8086:9ded] type 00 class 0x0c0330
[    0.276860] pci 0000:00:14.0: reg 0x10: [mem 0xa2600000-0xa260ffff 64bit]
[    0.276918] pci 0000:00:14.0: PME# supported from D3hot D3cold
[    0.277524] pci 0000:00:14.0: System wakeup disabled by ACPI
[    0.277568] pci 0000:00:14.2: [8086:9def] type 00 class 0x050000
[    0.277584] pci 0000:00:14.2: reg 0x10: [mem 0xa2620000-0xa2621fff 64bit]
[    0.277595] pci 0000:00:14.2: reg 0x18: [mem 0xa2625000-0xa2625fff 64bit]
[    0.278233] pci 0000:00:14.3: [8086:9df0] type 00 class 0x028000
[    0.278277] pci 0000:00:14.3: reg 0x10: [mem 0xa2618000-0xa261bfff 64bit]
[    0.278411] pci 0000:00:14.3: PME# supported from D0 D3hot D3cold
[    0.278978] pci 0000:00:14.3: System wakeup disabled by ACPI
[    0.279036] pci 0000:00:15.0: [8086:9de8] type 00 class 0x0c8000
[    0.279060] pci 0000:00:15.0: reg 0x10: [mem 0xa2626000-0xa2626fff 64bit]
[    0.279742] pci 0000:00:15.3: [8086:9deb] type 00 class 0x0c8000
[    0.279766] pci 0000:00:15.3: reg 0x10: [mem 0xa2627000-0xa2627fff 64bit]
[    0.280456] pci 0000:00:16.0: [8086:9de0] type 00 class 0x078000
[    0.280478] pci 0000:00:16.0: reg 0x10: [mem 0xa2628000-0xa2628fff 64bit]
[    0.280554] pci 0000:00:16.0: PME# supported from D3hot
[    0.281214] pci 0000:00:17.0: [8086:9dd3] type 00 class 0x010601
[    0.281229] pci 0000:00:17.0: reg 0x10: [mem 0xa2622000-0xa2623fff]
[    0.281236] pci 0000:00:17.0: reg 0x14: [mem 0xa262f000-0xa262f0ff]
[    0.281244] pci 0000:00:17.0: reg 0x18: [io  0x3080-0x3087]
[    0.281252] pci 0000:00:17.0: reg 0x1c: [io  0x3088-0x308b]
[    0.281260] pci 0000:00:17.0: reg 0x20: [io  0x3060-0x307f]
[    0.281267] pci 0000:00:17.0: reg 0x24: [mem 0xa262e000-0xa262e7ff]
[    0.281307] pci 0000:00:17.0: PME# supported from D3hot
[    0.281931] pci 0000:00:1c.0: [8086:9dbc] type 01 class 0x060400
[    0.282009] pci 0000:00:1c.0: PME# supported from D0 D3hot D3cold
[    0.282607] pci 0000:00:1c.0: System wakeup disabled by ACPI
[    0.282684] pci 0000:00:1d.0: [8086:9db6] type 01 class 0x060400
[    0.282756] pci 0000:00:1d.0: PME# supported from D0 D3hot D3cold
[    0.283349] pci 0000:00:1d.0: System wakeup disabled by ACPI
[    0.283429] pci 0000:00:1e.0: [8086:9da8] type 00 class 0x078000
[    0.283450] pci 0000:00:1e.0: reg 0x10: [mem 0xa2629000-0xa2629fff 64bit]
[    0.283463] pci 0000:00:1e.0: reg 0x18: [mem 0xa262a000-0xa262afff 64bit]
[    0.284097] pci 0000:00:1e.3: [8086:9dab] type 00 class 0x0c8000
[    0.284118] pci 0000:00:1e.3: reg 0x10: [mem 0xa262b000-0xa262bfff 64bit]
[    0.284795] pci 0000:00:1f.0: [8086:9d84] type 00 class 0x060100
[    0.285560] pci 0000:00:1f.3: [8086:9dc8] type 00 class 0x040300
[    0.285594] pci 0000:00:1f.3: reg 0x10: [mem 0xa261c000-0xa261ffff 64bit]
[    0.285635] pci 0000:00:1f.3: reg 0x20: [mem 0xa1a00000-0xa1afffff 64bit]
[    0.285721] pci 0000:00:1f.3: PME# supported from D3hot D3cold
[    0.286420] pci 0000:00:1f.3: System wakeup disabled by ACPI
[    0.286467] pci 0000:00:1f.4: [8086:9da3] type 00 class 0x0c0500
[    0.286489] pci 0000:00:1f.4: reg 0x10: [mem 0xa262c000-0xa262c0ff 64bit]
[    0.286513] pci 0000:00:1f.4: reg 0x20: [io  0xefa0-0xefbf]
[    0.287126] pci 0000:00:1f.5: [8086:9da4] type 00 class 0x0c8000
[    0.287139] pci 0000:00:1f.5: reg 0x10: [mem 0xfe010000-0xfe010fff]
[    0.287794] pci 0000:00:1c.0: PCI bridge to [bus 01]
[    0.287800] pci 0000:00:1c.0:   bridge window [io  0x2000-0x2fff]
[    0.287803] pci 0000:00:1c.0:   bridge window [mem 0xa1c00000-0xa25fffff]
[    0.287808] pci 0000:00:1c.0:   bridge window [mem 0xa1000000-0xa19fffff 64bit pref]
[    0.287860] pci 0000:02:00.0: [10ec:522a] type 00 class 0xff0000
[    0.287881] pci 0000:02:00.0: reg 0x10: [mem 0xa1b00000-0xa1b00fff]
[    0.287991] pci 0000:02:00.0: supports D1 D2
[    0.287992] pci 0000:02:00.0: PME# supported from D1 D2 D3hot D3cold
[    0.288044] pci 0000:02:00.0: 2.000 Gb/s available PCIe bandwidth, limited by 2.5 GT/s x1 link at 0000:00:1d.0 (capable of 7.876 Gb/s with 8 GT/s x1 link)
[    0.288056] pci 0000:02:00.0: System wakeup disabled by ACPI
[    0.289803] pci 0000:00:1d.0: PCI bridge to [bus 02]
[    0.289809] pci 0000:00:1d.0:   bridge window [mem 0xa1b00000-0xa1bfffff]
[    0.292955] ACPI: EC: GPE = 0xf, I/O: command/status = 0x66, data = 0x62
[    0.293056] vgaarb: device added: PCI:0000:00:02.0,decodes=io+mem,owns=io+mem,locks=none
[    0.293063] vgaarb: loaded
[    0.293065] vgaarb: bridge control possible 0000:00:02.0
[    0.293126] SCSI subsystem initialized
[    0.293150] ACPI: bus type USB registered
[    0.293165] usbcore: registered new interface driver usbfs
[    0.293174] usbcore: registered new interface driver hub
[    0.293195] usbcore: registered new device driver usb
[    0.293261] EDAC MC: Ver: 3.0.0
[    0.293376] Registered efivars operations
[    0.293410] PCI: Using ACPI for IRQ routing
[    0.334950] PCI: pci_cache_line_size set to 64 bytes
[    0.335029] e820: reserve RAM buffer [mem 0x0009f000-0x0009ffff]
[    0.335030] e820: reserve RAM buffer [mem 0x7ace9000-0x7bffffff]
[    0.335031] e820: reserve RAM buffer [mem 0x7fb0f000-0x7fffffff]
[    0.335032] e820: reserve RAM buffer [mem 0x472800000-0x473ffffff]
[    0.335126] NetLabel: Initializing
[    0.335129] NetLabel:  domain hash size = 128
[    0.335131] NetLabel:  protocols = UNLABELED CIPSOv4
[    0.335144] NetLabel:  unlabeled traffic allowed by default
[    0.335256] hpet0: at MMIO 0xfed00000, IRQs 2, 8, 0, 0, 0, 0, 0, 0
[    0.335264] hpet0: 8 comparators, 64-bit 24.000000 MHz counter
[    0.337330] amd_nb: Cannot enumerate AMD northbridges
[    0.337369] Switched to clocksource hpet
[    0.342113] pnp: PnP ACPI init
[    0.342124] ACPI: bus type PNP registered
[    0.342350] system 00:00: [io  0x1800-0x18fe] could not be reserved
[    0.342402] system 00:00: [mem 0xfd000000-0xfd69ffff] has been reserved
[    0.342406] system 00:00: [mem 0xfd6b0000-0xfd6cffff] has been reserved
[    0.342409] system 00:00: [mem 0xfd6f0000-0xfdffffff] has been reserved
[    0.342413] system 00:00: [mem 0xfe000000-0xfe01ffff] could not be reserved
[    0.342416] system 00:00: [mem 0xfe200000-0xfe7fffff] has been reserved
[    0.342420] system 00:00: [mem 0xff000000-0xffffffff] has been reserved
[    0.342424] system 00:00: Plug and Play ACPI device, IDs PNP0c02 (active)
[    0.342630] system 00:01: [io  0xff00-0xfffe] has been reserved
[    0.342634] system 00:01: Plug and Play ACPI device, IDs PNP0c02 (active)
[    0.343465] system 00:02: [io  0x06a4] has been reserved
[    0.343470] system 00:02: [io  0x06a0] has been reserved
[    0.343474] system 00:02: Plug and Play ACPI device, IDs PNP0c02 (active)
[    0.343667] system 00:03: [io  0x0680-0x069f] has been reserved
[    0.343671] system 00:03: [io  0x164e-0x164f] has been reserved
[    0.343675] system 00:03: Plug and Play ACPI device, IDs PNP0c02 (active)
[    0.343758] system 00:04: [io  0x1854-0x1857] has been reserved
[    0.343762] system 00:04: Plug and Play ACPI device, IDs INT3f0d PNP0c02 (active)
[    0.343812] pnp 00:05: Plug and Play ACPI device, IDs PNP0303 (active)
[    0.344638] system 00:06: Plug and Play ACPI device, IDs PNP0c02 (active)
[    0.345018] system 00:07: [mem 0xfed10000-0xfed17fff] has been reserved
[    0.345022] system 00:07: [mem 0xfed18000-0xfed18fff] has been reserved
[    0.345025] system 00:07: [mem 0xfed19000-0xfed19fff] has been reserved
[    0.345029] system 00:07: [mem 0xe0000000-0xefffffff] has been reserved
[    0.345032] system 00:07: [mem 0xfed20000-0xfed3ffff] has been reserved
[    0.345036] system 00:07: [mem 0xfed90000-0xfed93fff] could not be reserved
[    0.345039] system 00:07: [mem 0xfed45000-0xfed8ffff] has been reserved
[    0.345043] system 00:07: [mem 0xfee00000-0xfeefffff] has been reserved
[    0.345046] system 00:07: Plug and Play ACPI device, IDs PNP0c02 (active)
[    0.345352] pnp: PnP ACPI: found 8 devices
[    0.345354] ACPI: bus type PNP unregistered
[    0.354624] pci 0000:00:1c.0: PCI bridge to [bus 01]
[    0.354632] pci 0000:00:1c.0:   bridge window [io  0x2000-0x2fff]
[    0.354638] pci 0000:00:1c.0:   bridge window [mem 0xa1c00000-0xa25fffff]
[    0.354643] pci 0000:00:1c.0:   bridge window [mem 0xa1000000-0xa19fffff 64bit pref]
[    0.354651] pci 0000:00:1d.0: PCI bridge to [bus 02]
[    0.354656] pci 0000:00:1d.0:   bridge window [mem 0xa1b00000-0xa1bfffff]
[    0.354665] pci_bus 0000:00: resource 4 [io  0x0000-0x0cf7 window]
[    0.354666] pci_bus 0000:00: resource 5 [io  0x0d00-0xffff window]
[    0.354668] pci_bus 0000:00: resource 6 [mem 0x000a0000-0x000bffff window]
[    0.354670] pci_bus 0000:00: resource 7 [mem 0x8b800000-0xdfffffff window]
[    0.354671] pci_bus 0000:00: resource 8 [mem 0xfc800000-0xfe7fffff window]
[    0.354673] pci_bus 0000:01: resource 0 [io  0x2000-0x2fff]
[    0.354675] pci_bus 0000:01: resource 1 [mem 0xa1c00000-0xa25fffff]
[    0.354676] pci_bus 0000:01: resource 2 [mem 0xa1000000-0xa19fffff 64bit pref]
[    0.354678] pci_bus 0000:02: resource 1 [mem 0xa1b00000-0xa1bfffff]
[    0.354701] NET: Registered protocol family 2
[    0.354921] TCP established hash table entries: 131072 (order: 8, 1048576 bytes)
[    0.355091] TCP bind hash table entries: 65536 (order: 8, 1048576 bytes)
[    0.355206] TCP: Hash tables configured (established 131072 bind 65536)
[    0.355220] TCP: reno registered
[    0.355238] UDP hash table entries: 8192 (order: 6, 262144 bytes)
[    0.355283] UDP-Lite hash table entries: 8192 (order: 6, 262144 bytes)
[    0.355404] NET: Registered protocol family 1
[    0.355419] pci 0000:00:02.0: Boot video device
[    0.355684] PCI: CLS 0 bytes, default 64
[    0.355718] Unpacking initramfs...
[    0.725781] Freeing initrd memory: 32472k freed
[    0.728771] PCI-DMA: Using software bounce buffering for IO (SWIOTLB)
[    0.728778] software IO TLB [mem 0x6b2da000-0x6f2da000] (64MB) mapped at [ffff94fc2b2da000-ffff94fc2f2d9fff]
[    0.728853] RAPL PMU: API unit is 2^-32 Joules, 5 fixed counters, 655360 ms ovfl timer
[    0.728857] RAPL PMU: hw unit of domain pp0-core 2^-14 Joules
[    0.728860] RAPL PMU: hw unit of domain package 2^-14 Joules
[    0.728863] RAPL PMU: hw unit of domain dram 2^-14 Joules
[    0.728865] RAPL PMU: hw unit of domain pp1-gpu 2^-14 Joules
[    0.728868] RAPL PMU: hw unit of domain psys 2^-14 Joules
[    0.728985] Simple Boot Flag at 0x47 set to 0x1
[    0.729051] platform rtc_cmos: registered platform RTC device (no PNP device found)
[    0.730120] sha1_ssse3: Using AVX2 optimized SHA-1 implementation
[    0.730234] sha256_ssse3: Using AVX2 optimized SHA-256 implementation
[    0.730735] futex hash table entries: 2048 (order: 5, 131072 bytes)
[    0.730758] Initialise system trusted keyring
[    0.730776] audit: initializing netlink socket (disabled)
[    0.730790] type=2000 audit(1592866712.720:1): initialized
[    0.754668] HugeTLB registered 1 GB page size, pre-allocated 0 pages
[    0.754672] HugeTLB registered 2 MB page size, pre-allocated 0 pages
[    0.755975] zpool: loaded
[    0.755979] zbud: loaded
[    0.756228] VFS: Disk quotas dquot_6.5.2
[    0.756255] Dquot-cache hash table entries: 512 (order 0, 4096 bytes)
[    0.756531] Key type big_key registered
[    0.756535] SELinux:  Registering netfilter hooks
[    0.758695] NET: Registered protocol family 38
[    0.758701] Key type asymmetric registered
[    0.758705] Asymmetric key parser 'x509' registered
[    0.758732] Block layer SCSI generic (bsg) driver version 0.4 loaded (major 248)
[    0.758811] io scheduler noop registered
[    0.758816] io scheduler deadline registered (default)
[    0.758839] io scheduler cfq registered
[    0.758843] io scheduler mq-deadline registered
[    0.758847] io scheduler kyber registered
[    0.759109] pcieport 0000:00:1c.0: irq 122 for MSI/MSI-X
[    0.759320] pcieport 0000:00:1d.0: irq 123 for MSI/MSI-X
[    0.759487] aer 0000:00:1c.0:pcie002: service driver aer loaded
[    0.759510] aer 0000:00:1d.0:pcie002: service driver aer loaded
[    0.759528] pcieport 0000:00:1c.0: Signaling PME through PCIe PME interrupt
[    0.759539] pcie_pme 0000:00:1c.0:pcie001: service driver pcie_pme loaded
[    0.759546] pcieport 0000:00:1d.0: Signaling PME through PCIe PME interrupt
[    0.759550] pci 0000:02:00.0: Signaling PME through PCIe PME interrupt
[    0.759554] pcie_pme 0000:00:1d.0:pcie001: service driver pcie_pme loaded
[    0.759569] pci_hotplug: PCI Hot Plug PCI Core version: 0.5
[    0.759583] pciehp 0000:00:1c.0:pcie004: Slot #4 AttnBtn- PwrCtrl- MRL- AttnInd- PwrInd- HotPlug+ Surprise+ Interlock- NoCompl+ LLActRep+
[    0.759646] pciehp 0000:00:1c.0:pcie004: service driver pciehp loaded
[    0.759650] pciehp: PCI Express Hot Plug Controller Driver version: 0.4
[    0.759663] shpchp: Standard Hot Plug PCI Controller Driver version: 0.4
[    0.759741] efifb: probing for efifb
[    0.759755] efifb: framebuffer at 0x90000000, mapped to 0xffffac63c2000000, using 8100k, total 8100k
[    0.759760] efifb: mode is 1920x1080x32, linelength=7680, pages=1
[    0.759762] efifb: scrolling: redraw
[    0.759766] efifb: Truecolor: size=8:8:8:8, shift=24:16:8:0
[    0.762966] Console: switching to colour frame buffer device 240x67
[    0.765993] fb0: EFI VGA frame buffer device
[    0.766010] intel_idle: MWAIT substates: 0x11142120
[    0.766011] intel_idle: v0.4.1 model 0x8E
[    0.766101] intel_idle: lapic_timer_reliable_states 0xffffffff
[    0.766197] ACPI: AC Adapter [ADP1] (on-line)
[    0.766259] input: Lid Switch as /devices/LNXSYSTM:00/device:00/PNP0A08:00/device:1a/PNP0C09:00/PNP0C0D:00/input/input0
[    0.767023] ACPI: Lid Switch [LID0]
[    0.767090] input: Power Button as /devices/LNXSYSTM:00/device:00/PNP0C0C:00/input/input1
[    0.767113] ACPI: Power Button [PWRB]
[    0.767151] input: Sleep Button as /devices/LNXSYSTM:00/device:00/PNP0C0E:00/input/input2
[    0.767173] ACPI: Sleep Button [SLPB]
[    0.767214] input: Power Button as /devices/LNXSYSTM:00/LNXPWRBN:00/input/input3
[    0.767234] ACPI: Power Button [PWRF]
[    0.767292] ACPI: Requesting acpi_cpufreq
[    0.770890] thermal LNXTHERM:00: registered as thermal_zone0
[    0.770907] ACPI: Thermal Zone [TZ00] (32 C)
[    0.770965] GHES: HEST is not enabled!
[    0.771061] Serial: 8250/16550 driver, 4 ports, IRQ sharing enabled
[    0.792883] serial8250: ttyS0 at I/O 0x3f8 (irq = 4) is a 16550A
[    0.795275] Non-volatile memory driver v1.3
[    0.795349] Linux agpgart interface v0.103
[    0.801513] crash memory driver: version 1.1
[    0.806256] ACPI: Battery Slot [CMB0] (battery present)
[    0.824618] intel-lpss 0000:00:1e.0: enabling device (0000 -> 0002)
[    0.835445] intel-lpss 0000:00:1e.3: enabling device (0000 -> 0002)
[    0.846797] rdac: device handler registered
[    0.846910] hp_sw: device handler registered
[    0.846926] emc: device handler registered
[    0.847044] alua: device handler registered
[    0.847130] libphy: Fixed MDIO Bus: probed
[    0.847230] ehci_hcd: USB 2.0 'Enhanced' Host Controller (EHCI) Driver
[    0.847253] ehci-pci: EHCI PCI platform driver
[    0.847277] ohci_hcd: USB 1.1 'Open' Host Controller (OHCI) Driver
[    0.847299] ohci-pci: OHCI PCI platform driver
[    0.847322] uhci_hcd: USB Universal Host Controller Interface driver
[    0.847539] xhci_hcd 0000:00:14.0: xHCI Host Controller
[    0.847635] xhci_hcd 0000:00:14.0: new USB bus registered, assigned bus number 1
[    0.848733] xhci_hcd 0000:00:14.0: hcc params 0x200077c1 hci version 0x110 quirks 0x0000000000009810
[    0.848764] xhci_hcd 0000:00:14.0: cache line size of 64 is not supported
[    0.848782] xhci_hcd 0000:00:14.0: irq 124 for MSI/MSI-X
[    0.848929] usb usb1: New USB device found, idVendor=1d6b, idProduct=0002, bcdDevice= 3.10
[    0.848954] usb usb1: New USB device strings: Mfr=3, Product=2, SerialNumber=1
[    0.849852] usb usb1: Product: xHCI Host Controller
[    0.850740] usb usb1: Manufacturer: Linux 3.10.0-1127.8.2.el7.x86_64 xhci-hcd
[    0.851647] usb usb1: SerialNumber: 0000:00:14.0
[    0.852675] hub 1-0:1.0: USB hub found
[    0.853580] hub 1-0:1.0: 12 ports detected
[    0.855703] xhci_hcd 0000:00:14.0: xHCI Host Controller
[    0.856657] xhci_hcd 0000:00:14.0: new USB bus registered, assigned bus number 2
[    0.857552] xhci_hcd 0000:00:14.0: Host supports USB 3.1 Enhanced SuperSpeed
[    0.858491] usb usb2: New USB device found, idVendor=1d6b, idProduct=0003, bcdDevice= 3.10
[    0.859390] usb usb2: New USB device strings: Mfr=3, Product=2, SerialNumber=1
[    0.860250] usb usb2: Product: xHCI Host Controller
[    0.861097] usb usb2: Manufacturer: Linux 3.10.0-1127.8.2.el7.x86_64 xhci-hcd
[    0.861907] usb usb2: SerialNumber: 0000:00:14.0
[    0.862846] hub 2-0:1.0: USB hub found
[    0.863648] hub 2-0:1.0: 6 ports detected
[    0.864903] usb: port power management may be unreliable
[    0.865845] usbcore: registered new interface driver usbserial_generic
[    0.866629] usbserial: USB Serial support registered for generic
[    0.867470] i8042: PNP: PS/2 Controller [PNP0303:PS2K] at 0x60,0x64 irq 1
[    0.868234] i8042: PNP: PS/2 appears to have AUX port disabled, if this is incorrect please boot with i8042.nopnp
[    0.869875] serio: i8042 KBD port at 0x60,0x64 irq 1
[    0.870787] mousedev: PS/2 mouse device common for all mice
[    0.872105] rtc_cmos rtc_cmos: RTC can wake from S4
[    0.873605] rtc_cmos rtc_cmos: rtc core: registered rtc_cmos as rtc0
[    0.874551] rtc_cmos rtc_cmos: alarms up to one month, y3k, 114 bytes nvram, hpet irqs
[    0.875395] intel_pstate: Intel P-state driver initializing
[    0.877241] intel_pstate: HWP enabled
[    0.878270] cpuidle: using governor menu
[    0.879274] EFI Variables Facility v0.08 2004-May-17
[    0.882176] input: AT Translated Set 2 keyboard as /devices/platform/i8042/serio0/input/input4
[    0.907527] hidraw: raw HID events driver (C) Jiri Kosina
[    0.908413] usbcore: registered new interface driver usbhid
[    0.909155] usbhid: USB HID core driver
[    0.910020] drop_monitor: Initializing network drop monitor service
[    0.910869] TCP: cubic registered
[    0.911658] Initializing XFRM netlink socket
[    0.912536] NET: Registered protocol family 10
[    0.913597] NET: Registered protocol family 17
[    0.914339] mpls_gso: MPLS GSO support
[    0.915448] mce: Using 10 MCE banks
[    0.916204] microcode: sig=0x806eb, pf=0x80, revision=0xca
[    0.917275] microcode: Microcode Update Driver: v2.01 <tigran@aivazian.fsnet.co.uk>, Peter Oruba
[    0.918403] PM: Hibernation image not present or could not be loaded.
[    0.918406] Loading compiled-in X.509 certificates
[    0.919087] Loaded X.509 cert 'CentOS Linux kpatch signing key: ea0413152cde1d98ebdca3fe6f0230904c9ef717'
[    0.919817] Loaded X.509 cert 'CentOS Linux Driver update signing key: 7f421ee0ab69461574bb358861dbe77762a4201b'
[    0.920822] Loaded X.509 cert 'CentOS Linux kernel signing key: ff318ce9b8324e455770c26ee8bf608139ffa928'
[    0.921524] registered taskstats version 1
[    0.924991] Key type trusted registered
[    0.928293] Key type encrypted registered
[    0.929105] IMA: No TPM chip found, activating TPM-bypass! (rc=-19)
[    0.930929]   Magic number: 8:431:1008
[    0.931800] memory memory47: hash matches
[    0.932865] rtc_cmos rtc_cmos: setting system clock to 2020-06-22 22:58:33 UTC (1592866713)
[    0.934589] Freeing unused kernel memory: 1980k freed
[    0.935493] Write protecting the kernel read-only data: 12288k
[    0.937722] Freeing unused kernel memory: 396k freed
[    0.940020] Freeing unused kernel memory: 540k freed
[    0.999739] random: systemd: uninitialized urandom read (16 bytes read)
[    1.000705] random: systemd: uninitialized urandom read (16 bytes read)
[    1.001406] random: systemd: uninitialized urandom read (16 bytes read)
[    1.003020] systemd[1]: systemd 219 running in system mode. (+PAM +AUDIT +SELINUX +IMA -APPARMOR +SMACK +SYSVINIT +UTMP +LIBCRYPTSETUP +GCRYPT +GNUTLS +ACL +XZ +LZ4 -SECCOMP +BLKID +ELFUTILS +KMOD +IDN)
[    1.003838] systemd[1]: Detected architecture x86-64.
[    1.004559] systemd[1]: Running in initial RAM disk.
[    1.007639] systemd[1]: Set hostname to <note>.
[    1.034097] random: systemd: uninitialized urandom read (16 bytes read)
[    1.034982] random: systemd: uninitialized urandom read (16 bytes read)
[    1.035861] random: systemd: uninitialized urandom read (16 bytes read)
[    1.036723] random: systemd: uninitialized urandom read (16 bytes read)
[    1.038068] random: systemd: uninitialized urandom read (16 bytes read)
[    1.038977] random: systemd: uninitialized urandom read (16 bytes read)
[    1.040012] random: systemd: uninitialized urandom read (16 bytes read)
[    1.044770] systemd[1]: Reached target Timers.
[    1.046486] systemd[1]: Reached target Swap.
[    1.048039] systemd[1]: Reached target Local File Systems.
[    1.049885] systemd[1]: Created slice Root Slice.
[    1.051450] systemd[1]: Created slice System Slice.
[    1.052888] systemd[1]: Reached target Slices.
[    1.054330] systemd[1]: Listening on Journal Socket.
[    1.056193] systemd[1]: Starting Journal Service...
[    1.058068] systemd[1]: Starting Setup Virtual Console...
[    1.060314] systemd[1]: Starting Apply Kernel Variables...
[    1.062651] systemd[1]: Starting dracut cmdline hook...
[    1.068222] systemd[1]: Listening on udev Control Socket.
[    1.070706] systemd[1]: Listening on udev Kernel Socket.
[    1.072546] systemd[1]: Reached target Sockets.
[    1.075002] systemd[1]: Starting Create list of required static device nodes for the current kernel...
[    1.077627] systemd[1]: Started Apply Kernel Variables.
[    1.080016] systemd[1]: Started Create list of required static device nodes for the current kernel.
[    1.082997] systemd[1]: Starting Create Static Device Nodes in /dev...
[    1.087903] systemd[1]: Started Create Static Device Nodes in /dev.
[    1.112351] systemd[1]: Started Setup Virtual Console.
[    1.116797] systemd[1]: Started Journal Service.
[    1.167427] usb 1-1: new high-speed USB device number 2 using xhci_hcd
[    1.185549] device-mapper: uevent: version 1.0.3
[    1.186665] device-mapper: ioctl: 4.37.1-ioctl (2018-04-03) initialised: dm-devel@redhat.com
[    1.281497] rtsx_pci 0000:02:00.0: enabling device (0000 -> 0002)
[    1.283591] rtsx_pci 0000:02:00.0: irq 125 for MSI/MSI-X
[    1.283607] rtsx_pci 0000:02:00.0: rtsx_pci_acquire_irq: pcr->msi_en = 1, pci->irq = 125
[    1.300336] libata version 3.00 loaded.
[    1.304752] usb 1-1: New USB device found, idVendor=0bda, idProduct=5411, bcdDevice= 1.04
[    1.306569] usb 1-1: New USB device strings: Mfr=1, Product=2, SerialNumber=0
[    1.308390] usb 1-1: Product: 4-Port USB 2.0 Hub
[    1.310220] usb 1-1: Manufacturer: Generic
[    1.316808] hub 1-1:1.0: USB hub found
[    1.319415] hub 1-1:1.0: 4 ports detected
[    1.326041] ahci 0000:00:17.0: version 3.0
[    1.326354] ahci 0000:00:17.0: irq 126 for MSI/MSI-X
[    1.337474] ahci 0000:00:17.0: AHCI 0001.0301 32 slots 2 ports 6 Gbps 0x6 impl SATA mode
[    1.339225] ahci 0000:00:17.0: flags: 64bit ncq sntf pm clo only pio slum part deso sadm sds apst 
[    1.341669] scsi host0: ahci
[    1.343500] scsi host1: ahci
[    1.345231] scsi host2: ahci
[    1.346794] ata1: DUMMY
[    1.348199] ata2: SATA max UDMA/133 abar m2048@0xa262e000 port 0xa262e180 irq 126
[    1.349740] ata3: SATA max UDMA/133 abar m2048@0xa262e000 port 0xa262e200 irq 126
[    1.410673] usb 2-1: new SuperSpeed Gen 1 USB device number 2 using xhci_hcd
[    1.432268] usb 2-1: New USB device found, idVendor=0bda, idProduct=0411, bcdDevice= 1.04
[    1.433522] usb 2-1: New USB device strings: Mfr=1, Product=2, SerialNumber=0
[    1.434764] usb 2-1: Product: 4-Port USB 3.0 Hub
[    1.436080] usb 2-1: Manufacturer: Generic
[    1.442066] hub 2-1:1.0: USB hub found
[    1.444053] hub 2-1:1.0: 4 ports detected
[    1.538446] usb 1-6: new high-speed USB device number 3 using xhci_hcd
[    1.587905] checking generic (90000000 7e9000) vs hw (90000000 10000000)
[    1.587907] fb: conflicting fb hw usage inteldrmfb vs EFI VGA - removing generic driver
[    1.588772] Console: switching to colour dummy device 80x25
[    1.588918] [drm] Replacing VGA console driver
[    1.589056] i915 0000:00:02.0: irq 127 for MSI/MSI-X
[    1.590870] [drm] Supports vblank timestamp caching Rev 2 (21.10.2013).
[    1.590873] [drm] Driver supports precise vblank timestamp query.
[    1.591678] vgaarb: device changed decodes: PCI:0000:00:02.0,olddecodes=io+mem,decodes=io+mem:owns=io+mem
[    1.592575] [drm] Finished loading DMC firmware i915/kbl_dmc_ver1_04.bin (v1.4)
[    1.633450] [drm] Initialized i915 1.6.0 20181204 for 0000:00:02.0 on minor 0
[    1.635466] ACPI: Video Device [GFX0] (multi-head: yes  rom: no  post: no)
[    1.635634] input: Video Bus as /devices/LNXSYSTM:00/device:00/PNP0A08:00/LNXVIDEO:00/input/input5
[    1.655840] ata2: SATA link up 6.0 Gbps (SStatus 133 SControl 300)
[    1.658444] ata2.00: ATA-9: SAMSUNG MZNLN256HAJQ-00000, MVT2300Q, max UDMA/133
[    1.658451] ata2.00: 500118192 sectors, multi 16: LBA48 NCQ (depth 31/32), AA
[    1.660781] ata3: SATA link up 6.0 Gbps (SStatus 133 SControl 300)
[    1.660808] ata2.00: configured for UDMA/133
[    1.661815] scsi 1:0:0:0: Direct-Access     ATA      SAMSUNG MZNLN256 300Q PQ: 0 ANSI: 5
[    1.661860] ata3.00: ATA-11: WDC  WDS250G2B0B-00YS70, 401020WD, max UDMA/133
[    1.661865] ata3.00: 488397168 sectors, multi 1: LBA48 NCQ (depth 31/32), AA
[    1.664778] ata3.00: configured for UDMA/133
[    1.684482] scsi 2:0:0:0: Direct-Access     ATA      WDC  WDS250G2B0B 20WD PQ: 0 ANSI: 5
[    1.687067] usb 1-6: New USB device found, idVendor=04f2, idProduct=b678, bcdDevice= 0.02
[    1.687074] usb 1-6: New USB device strings: Mfr=3, Product=1, SerialNumber=2
[    1.687078] usb 1-6: Product: LG Camera
[    1.687081] usb 1-6: Manufacturer: Chicony Electronics Co.,Ltd.
[    1.687084] usb 1-6: SerialNumber: 0001
[    1.698275] fbcon: inteldrmfb (fb0) is primary device
[    1.729572] tsc: Refined TSC clocksource calibration: 1800.006 MHz
[    1.729693] Switched to clocksource tsc
[    1.936427] usb 1-1.1: new full-speed USB device number 4 using xhci_hcd
[    2.026524] usb 1-1.1: New USB device found, idVendor=17ef, idProduct=6047, bcdDevice= 3.30
[    2.026526] usb 1-1.1: New USB device strings: Mfr=1, Product=2, SerialNumber=0
[    2.026528] usb 1-1.1: Product: ThinkPad Compact USB Keyboard with TrackPoint
[    2.026530] usb 1-1.1: Manufacturer: Lenovo
[    2.034055] input: Lenovo ThinkPad Compact USB Keyboard with TrackPoint as /devices/pci0000:00/0000:00:14.0/usb1/1-1/1-1.1/1-1.1:1.0/input/input6
[    2.084571] usb 2-1.4: new SuperSpeed Gen 1 USB device number 3 using xhci_hcd
[    2.084651] hid-generic 0003:17EF:6047.0001: input,hidraw0: USB HID v1.00 Keyboard [Lenovo ThinkPad Compact USB Keyboard with TrackPoint] on usb-0000:00:14.0-1.1/input0
[    2.089761] input: Lenovo ThinkPad Compact USB Keyboard with TrackPoint as /devices/pci0000:00/0000:00:14.0/usb1/1-1/1-1.1/1-1.1:1.1/input/input7
[    2.096570] usb 2-1.4: New USB device found, idVendor=0bda, idProduct=8153, bcdDevice=31.00
[    2.096573] usb 2-1.4: New USB device strings: Mfr=1, Product=2, SerialNumber=6
[    2.096574] usb 2-1.4: Product: USB 10/100/1000 LAN
[    2.096576] usb 2-1.4: Manufacturer: Realtek
[    2.096578] usb 2-1.4: SerialNumber: 001000001
[    2.104901] usbcore: registered new interface driver r8152
[    2.140624] hid-generic 0003:17EF:6047.0002: input,hiddev0,hidraw1: USB HID v1.00 Mouse [Lenovo ThinkPad Compact USB Keyboard with TrackPoint] on usb-0000:00:14.0-1.1/input1
[    2.207426] usb 1-10: new full-speed USB device number 5 using xhci_hcd
[    2.332516] usb 1-10: New USB device found, idVendor=8087, idProduct=0aaa, bcdDevice= 0.02
[    2.332518] usb 1-10: New USB device strings: Mfr=0, Product=0, SerialNumber=0
[    2.333371] random: fast init done
[    2.396257] usb 2-1.4: reset SuperSpeed Gen 1 USB device number 3 using xhci_hcd
[    2.412078] r8152 2-1.4:1.0 eth0: v1.09.9
[    2.479418] usb 1-1.2: new low-speed USB device number 6 using xhci_hcd
[    2.569835] usb 1-1.2: New USB device found, idVendor=046d, idProduct=c408, bcdDevice=14.00
[    2.569837] usb 1-1.2: New USB device strings: Mfr=1, Product=2, SerialNumber=0
[    2.569839] usb 1-1.2: Product: USB Trackball
[    2.569841] usb 1-1.2: Manufacturer: Logitech
[    2.576063] input: Logitech USB Trackball as /devices/pci0000:00/0000:00:14.0/usb1/1-1/1-1.2/1-1.2:1.0/input/input8
[    2.576207] hid-generic 0003:046D:C408.0003: input,hidraw2: USB HID v1.10 Mouse [Logitech USB Trackball] on usb-0000:00:14.0-1.2/input0
[    2.649424] usb 1-1.3: new low-speed USB device number 7 using xhci_hcd
[    2.739693] usb 1-1.3: New USB device found, idVendor=05ac, idProduct=0304, bcdDevice= 1.08
[    2.739696] usb 1-1.3: New USB device strings: Mfr=1, Product=2, SerialNumber=0
[    2.739697] usb 1-1.3: Product: Apple Optical USB Mouse
[    2.739699] usb 1-1.3: Manufacturer: Mitsumi Electric
[    2.745300] input: Mitsumi Electric Apple Optical USB Mouse as /devices/pci0000:00/0000:00:14.0/usb1/1-1/1-1.3/1-1.3:1.0/input/input9
[    2.745441] apple 0003:05AC:0304.0004: input,hidraw3: USB HID v1.10 Mouse [Mitsumi Electric Apple Optical USB Mouse] on usb-0000:00:14.0-1.3/input0
[    3.048797] Console: switching to colour frame buffer device 240x67
[    3.071542] i915 0000:00:02.0: fb0: inteldrmfb frame buffer device
[    3.090617] sd 2:0:0:0: [sdb] 488397168 512-byte logical blocks: (250 GB/232 GiB)
[    3.090685] sd 2:0:0:0: [sdb] Write Protect is off
[    3.090686] sd 2:0:0:0: [sdb] Mode Sense: 00 3a 00 00
[    3.090702] sd 2:0:0:0: [sdb] Write cache: enabled, read cache: enabled, doesn't support DPO or FUA
[    3.090894] sd 1:0:0:0: [sda] 500118192 512-byte logical blocks: (256 GB/238 GiB)
[    3.090925] sd 1:0:0:0: [sda] Write Protect is off
[    3.090926] sd 1:0:0:0: [sda] Mode Sense: 00 3a 00 00
[    3.090957] sd 1:0:0:0: [sda] Write cache: enabled, read cache: enabled, doesn't support DPO or FUA
[    3.093888]  sda: sda1 sda2 sda3 sda4 sda5 sda6 sda7 sda8
[    3.095046] sd 1:0:0:0: [sda] Attached SCSI disk
[    3.097373]  sdb: sdb1 sdb2
[    3.097779] sd 2:0:0:0: [sdb] Attached SCSI disk
[    3.374239] SGI XFS with ACLs, security attributes, no debug enabled
[    3.376820] XFS (dm-0): Mounting V5 Filesystem
[    3.394103] XFS (dm-0): Ending clean mount
[    3.651594] systemd-journald[133]: Received SIGTERM from PID 1 (systemd).
[    3.704193] type=1404 audit(1592866716.269:2): enforcing=1 old_enforcing=0 auid=4294967295 ses=4294967295
[    3.729893] SELinux: 2048 avtab hash slots, 113980 rules.
[    3.783720] SELinux: 2048 avtab hash slots, 113980 rules.
[    3.803169] SELinux:  8 users, 14 roles, 5069 types, 318 bools, 1 sens, 1024 cats
[    3.803171] SELinux:  130 classes, 113980 rules
[    3.806356] SELinux:  Completing initialization.
[    3.806357] SELinux:  Setting up existing superblocks.
[    3.815228] type=1403 audit(1592866716.380:3): policy loaded auid=4294967295 ses=4294967295
[    3.819984] systemd[1]: Successfully loaded SELinux policy in 115.921ms.
[    3.848799] ip_tables: (C) 2000-2006 Netfilter Core Team
[    3.850236] systemd[1]: Inserted module 'ip_tables'
[    3.865548] systemd[1]: Relabelled /dev, /run and /sys/fs/cgroup in 12.878ms.
[    4.095177] systemd-journald[553]: Received request to flush runtime journal from PID 1
[    4.235457] acpi PNP0C14:02: duplicate WMI GUID 05901221-D566-11D1-B2F0-00A0C9062910 (first instance was on PNP0C14:00)
[    4.236754] acpi PNP0C14:03: duplicate WMI GUID 05901221-D566-11D1-B2F0-00A0C9062910 (first instance was on PNP0C14:00)
[    4.332262] mei_me 0000:00:16.0: enabling device (0000 -> 0002)
[    4.337158] mei_me 0000:00:16.0: irq 440 for MSI/MSI-X
[    4.344117] Linux video capture interface: v2.00
[    4.361056] Bluetooth: Core ver 2.22
[    4.362836] NET: Registered protocol family 31
[    4.364596] Bluetooth: HCI device and connection manager initialized
[    4.366426] Bluetooth: HCI socket layer initialized
[    4.367810] Bluetooth: L2CAP socket layer initialized
[    4.369124] Bluetooth: SCO socket layer initialized
[    4.371744] uvcvideo: Found UVC 1.00 device LG Camera (04f2:b678)
[    4.377570] input: LG Camera as /devices/pci0000:00/0000:00:14.0/usb1/1-6/1-6:1.0/input/input10
[    4.379942] usbcore: registered new interface driver uvcvideo
[    4.381298] USB Video Class driver (1.1.1)
[    4.382948] sd 1:0:0:0: Attached scsi generic sg0 type 0
[    4.384337] sd 2:0:0:0: Attached scsi generic sg1 type 0
[    4.388867] usbcore: registered new interface driver btusb
[    4.389469] Bluetooth: hci0: Bootloader revision 0.1 build 42 week 52 2015
[    4.392384] Bluetooth: hci0: Device revision is 2
[    4.394006] Bluetooth: hci0: Secure boot is enabled
[    4.395429] Bluetooth: hci0: OTP lock is enabled
[    4.396661] Bluetooth: hci0: API lock is enabled
[    4.397863] Bluetooth: hci0: Debug lock is disabled
[    4.399063] Bluetooth: hci0: Minimum firmware build 1 week 10 2014
[    4.477398] idma64 idma64.0: Found Intel integrated DMA 64-bit
[    4.479295] i801_smbus 0000:00:1f.4: enabling device (0000 -> 0003)
[    4.480974] i801_smbus 0000:00:1f.4: SMBus using PCI interrupt
[    4.482549] Bluetooth: hci0: Found device firmware: intel/ibt-17-16-1.sfi
[    4.484622] input: PC Speaker as /devices/platform/pcspkr/input/input11
[    4.498445] cryptd: max_cpu_qlen set to 1000
[    4.516970] AVX2 version of gcm_enc/dec engaged.
[    4.518132] AES CTR mode by8 optimization enabled
[    4.527111] alg: No test for __gcm-aes-aesni (__driver-gcm-aes-aesni)
[    4.528239] alg: No test for __generic-gcm-aes-aesni (__driver-generic-gcm-aes-aesni)
[    4.613738] random: crng init done
[    4.615831] intel_rapl: Found RAPL domain package
[    4.617570] intel_rapl: Found RAPL domain core
[    4.619307] intel_rapl: Found RAPL domain uncore
[    4.620990] intel_rapl: Found RAPL domain dram
[    4.638629] idma64 idma64.1: Found Intel integrated DMA 64-bit
[    4.641524] Intel(R) Wireless WiFi driver for Linux
[    4.643098] Copyright(c) 2003- 2015 Intel Corporation
[    4.648042] snd_hda_intel 0000:00:1f.3: enabling device (0000 -> 0002)
[    4.649960] iwlwifi 0000:00:14.3: enabling device (0000 -> 0002)
[    4.650518] idma64 idma64.2: Found Intel integrated DMA 64-bit
[    4.652396] snd_hda_intel 0000:00:1f.3: bound 0000:00:02.0 (ops i915_audio_component_bind_ops [i915])
[    4.655936] iwlwifi 0000:00:14.3: irq 441 for MSI/MSI-X
[    4.655946] iwlwifi 0000:00:14.3: irq 442 for MSI/MSI-X
[    4.655954] iwlwifi 0000:00:14.3: irq 443 for MSI/MSI-X
[    4.655961] iwlwifi 0000:00:14.3: irq 444 for MSI/MSI-X
[    4.655970] iwlwifi 0000:00:14.3: irq 445 for MSI/MSI-X
[    4.655977] iwlwifi 0000:00:14.3: irq 446 for MSI/MSI-X
[    4.655984] iwlwifi 0000:00:14.3: irq 447 for MSI/MSI-X
[    4.655995] iwlwifi 0000:00:14.3: irq 448 for MSI/MSI-X
[    4.656002] iwlwifi 0000:00:14.3: irq 449 for MSI/MSI-X
[    4.656009] iwlwifi 0000:00:14.3: irq 450 for MSI/MSI-X
[    4.658502] snd_hda_intel 0000:00:1f.3: irq 451 for MSI/MSI-X
[    4.666745] intel_pmc_core:  initialized
[    4.671446] iwlwifi 0000:00:14.3: Found debug destination: EXTERNAL_DRAM
[    4.671448] iwlwifi 0000:00:14.3: Found debug configuration: 0
[    4.671851] iwlwifi 0000:00:14.3: loaded firmware version 46.6bf1df06.0 op_mode iwlmvm
[    4.684918] loop: module loaded
[    4.696159] squashfs: version 4.0 (2009/01/31) Phillip Lougher
[    4.702168] snd_hda_codec_conexant hdaudioC0D0: CX8200: BIOS auto-probing.
[    4.702886] snd_hda_codec_conexant hdaudioC0D0: autoconfig for CX8200: line_outs=1 (0x17/0x0/0x0/0x0/0x0) type:speaker
[    4.702888] snd_hda_codec_conexant hdaudioC0D0:    speaker_outs=0 (0x0/0x0/0x0/0x0/0x0)
[    4.702890] snd_hda_codec_conexant hdaudioC0D0:    hp_outs=1 (0x16/0x0/0x0/0x0/0x0)
[    4.702892] snd_hda_codec_conexant hdaudioC0D0:    mono: mono_out=0x0
[    4.702893] snd_hda_codec_conexant hdaudioC0D0:    inputs:
[    4.702895] snd_hda_codec_conexant hdaudioC0D0:      Internal Mic=0x1a
[    4.702897] snd_hda_codec_conexant hdaudioC0D0:      Mic=0x19
[    4.704109] snd_hda_codec_conexant hdaudioC0D0: Enable sync_write for stable communication
[    4.728062] XFS (sda6): Mounting V5 Filesystem
[    4.740440] input: HDA Intel PCH Mic as /devices/pci0000:00/0000:00:1f.3/sound/card0/input12
[    4.740513] input: HDA Intel PCH Headphone as /devices/pci0000:00/0000:00:1f.3/sound/card0/input13
[    4.740560] input: HDA Intel PCH HDMI/DP,pcm=3 as /devices/pci0000:00/0000:00:1f.3/sound/card0/input14
[    4.740603] input: HDA Intel PCH HDMI/DP,pcm=7 as /devices/pci0000:00/0000:00:1f.3/sound/card0/input15
[    4.740649] input: HDA Intel PCH HDMI/DP,pcm=8 as /devices/pci0000:00/0000:00:1f.3/sound/card0/input16
[    4.740697] input: HDA Intel PCH HDMI/DP,pcm=9 as /devices/pci0000:00/0000:00:1f.3/sound/card0/input17
[    4.740753] input: HDA Intel PCH HDMI/DP,pcm=10 as /devices/pci0000:00/0000:00:1f.3/sound/card0/input18
[    4.756473] idma64 idma64.3: Found Intel integrated DMA 64-bit
[    4.788791] iTCO_vendor_support: vendor-support=0
[    4.790166] iwlwifi 0000:00:14.3: Detected Intel(R) Dual Band Wireless AC 9560, REV=0x318
[    4.790641] iTCO_wdt: Intel TCO WatchDog Timer Driver v1.11
[    4.790701] iTCO_wdt: Found a Intel PCH TCO device (Version=6, TCOBASE=0x0400)
[    4.790924] iTCO_wdt: initialized. heartbeat=30 sec (nowayout=0)
[    4.796805] iwlwifi 0000:00:14.3: Applying debug destination EXTERNAL_DRAM
[    4.797109] iwlwifi 0000:00:14.3: Allocated 0x00400000 bytes for firmware monitor.
[    4.806018] input: 04CA00A0:00 04CA:00A0 Touchpad as /devices/pci0000:00/0000:00:15.0/i2c_designware.0/i2c-7/i2c-04CA00A0:00/input/input19
[    4.806825] hid-multitouch 0018:04CA:00A0.0005: input,hidraw4: <UNKNOWN> HID v1.00 Mouse [04CA00A0:00 04CA:00A0] on i2c-04CA00A0:00
[    4.839711] Adding 5119996k swap on /dev/mapper/centos-swap.  Priority:-2 extents:1 across:5119996k SSFS
[    4.843978] iwlwifi 0000:00:14.3: base HW address: 38:00:25:88:9c:df
[    4.917460] ieee80211 phy0: Selected rate control algorithm 'iwl-mvm-rs'
[    4.917793] thermal thermal_zone1: failed to read out thermal zone 1
[    4.976052] XFS (sda6): Ending clean mount
[    5.133329] type=1305 audit(1592866717.698:4): audit_pid=877 old=0 auid=4294967295 ses=4294967295 subj=system_u:system_r:auditd_t:s0 res=1
[    5.161340] RPC: Registered named UNIX socket transport module.
[    5.162236] RPC: Registered udp transport module.
[    5.163119] RPC: Registered tcp transport module.
[    5.163943] RPC: Registered tcp NFSv4.1 backchannel transport module.
[    5.434568] Bluetooth: BNEP (Ethernet Emulation) ver 1.3
[    5.436118] Bluetooth: BNEP filters: protocol multicast
[    5.437713] Bluetooth: BNEP socket layer initialized
[    5.781049] ip6_tables: (C) 2000-2006 Netfilter Core Team
[    5.809245] Ebtables v2.0 registered
[    5.820635] Netfilter messages via NETLINK v0.30.
[    5.827491] ip_set: protocol 7
[    5.843422] IPv6: ADDRCONF(NETDEV_UP): enp0s20f0u1u4: link is not ready
[    5.848410] IPv6: ADDRCONF(NETDEV_UP): enp0s20f0u1u4: link is not ready
[    5.853513] IPv6: ADDRCONF(NETDEV_UP): wlp0s20f3: link is not ready
[    5.861625] iwlwifi 0000:00:14.3: Applying debug destination EXTERNAL_DRAM
[    5.875251] r8152 2-1.4:1.0 enp0s20f0u1u4: carrier on
[    5.918903] Bluetooth: hci0: Waiting for firmware download to complete
[    5.919754] Bluetooth: hci0: Firmware loaded in 1494988 usecs
[    5.920664] Bluetooth: hci0: Waiting for device to boot
[    5.933502] Bluetooth: hci0: Device booted in 12548 usecs
[    5.934942] Bluetooth: hci0: Found Intel DDC parameters: intel/ibt-17-16-1.ddc
[    5.938068] nf_conntrack version 0.5.0 (65536 buckets, 262144 max)
[    5.938487] Bluetooth: hci0: Applying Intel DDC parameters completed
[    5.978521] iwlwifi 0000:00:14.3: Applying debug destination EXTERNAL_DRAM
[    6.044226] iwlwifi 0000:00:14.3: FW already configured (0) - re-configuring
[    6.054489] iwlwifi 0000:00:14.3: BIOS contains WGDS but no WRDS
[    6.055972] IPv6: ADDRCONF(NETDEV_UP): wlp0s20f3: link is not ready
[    6.056717] IPv6: ADDRCONF(NETDEV_CHANGE): enp0s20f0u1u4: link becomes ready
[    6.076593] iwlwifi 0000:00:14.3: Applying debug destination EXTERNAL_DRAM
[    6.191251] iwlwifi 0000:00:14.3: Applying debug destination EXTERNAL_DRAM
[    6.256843] iwlwifi 0000:00:14.3: FW already configured (0) - re-configuring
[    6.266822] iwlwifi 0000:00:14.3: BIOS contains WGDS but no WRDS
[    6.268061] IPv6: ADDRCONF(NETDEV_UP): wlp0s20f3: link is not ready
[    6.311245] IPv6: ADDRCONF(NETDEV_UP): wlp0s20f3: link is not ready
[    6.312848] bridge: filtering via arp/ip/ip6tables is no longer available by default. Update your scripts to load br_netfilter if you need this.
[   18.508988] tun: Universal TUN/TAP device driver, 1.6
[   18.508992] tun: (C) 1999-2004 Max Krasnyansky <maxk@qualcomm.com>
[   18.510212] virbr1: port 1(virbr1-nic) entered blocking state
[   18.510216] virbr1: port 1(virbr1-nic) entered disabled state
[   18.510259] device virbr1-nic entered promiscuous mode
[   18.607687] virbr1: port 1(virbr1-nic) entered blocking state
[   18.607690] virbr1: port 1(virbr1-nic) entered listening state
[   18.607738] IPv6: ADDRCONF(NETDEV_UP): virbr1: link is not ready
[   18.646834] virbr1: port 1(virbr1-nic) entered disabled state
[  351.089427] iwlwifi 0000:00:14.3: Applying debug destination EXTERNAL_DRAM
[  351.207603] iwlwifi 0000:00:14.3: Applying debug destination EXTERNAL_DRAM
[  351.273592] iwlwifi 0000:00:14.3: FW already configured (0) - re-configuring
[  351.288924] iwlwifi 0000:00:14.3: BIOS contains WGDS but no WRDS
[  351.289870] IPv6: ADDRCONF(NETDEV_UP): wlp0s20f3: link is not ready
[  667.078770] iwlwifi 0000:00:14.3: Applying debug destination EXTERNAL_DRAM
[  667.193805] iwlwifi 0000:00:14.3: Applying debug destination EXTERNAL_DRAM
[  667.259142] iwlwifi 0000:00:14.3: FW already configured (0) - re-configuring
[  667.275595] iwlwifi 0000:00:14.3: BIOS contains WGDS but no WRDS
[  667.276690] IPv6: ADDRCONF(NETDEV_UP): wlp0s20f3: link is not ready
[  732.339155] usb 1-1.1: USB disconnect, device number 4
[  732.583579] usb 1-1.1: new full-speed USB device number 8 using xhci_hcd
[  732.674689] usb 1-1.1: New USB device found, idVendor=17ef, idProduct=6047, bcdDevice= 3.30
[  732.674704] usb 1-1.1: New USB device strings: Mfr=1, Product=2, SerialNumber=0
[  732.674712] usb 1-1.1: Product: ThinkPad Compact USB Keyboard with TrackPoint
[  732.674720] usb 1-1.1: Manufacturer: Lenovo
[  732.685101] input: Lenovo ThinkPad Compact USB Keyboard with TrackPoint as /devices/pci0000:00/0000:00:14.0/usb1/1-1/1-1.1/1-1.1:1.0/input/input20
[  732.736546] hid-generic 0003:17EF:6047.0006: input,hidraw0: USB HID v1.00 Keyboard [Lenovo ThinkPad Compact USB Keyboard with TrackPoint] on usb-0000:00:14.0-1.1/input0
[  732.742644] input: Lenovo ThinkPad Compact USB Keyboard with TrackPoint as /devices/pci0000:00/0000:00:14.0/usb1/1-1/1-1.1/1-1.1:1.1/input/input21
[  732.794771] hid-generic 0003:17EF:6047.0007: input,hiddev0,hidraw1: USB HID v1.00 Mouse [Lenovo ThinkPad Compact USB Keyboard with TrackPoint] on usb-0000:00:14.0-1.1/input1
[  732.850700] usb 1-1.1: USB disconnect, device number 8
[  733.952786] usb 1-1.1: new full-speed USB device number 9 using xhci_hcd
[  734.045573] usb 1-1.1: New USB device found, idVendor=17ef, idProduct=6047, bcdDevice= 3.30
[  734.045589] usb 1-1.1: New USB device strings: Mfr=1, Product=2, SerialNumber=0
[  734.045598] usb 1-1.1: Product: ThinkPad Compact USB Keyboard with TrackPoint
[  734.045605] usb 1-1.1: Manufacturer: Lenovo
[  734.055991] input: Lenovo ThinkPad Compact USB Keyboard with TrackPoint as /devices/pci0000:00/0000:00:14.0/usb1/1-1/1-1.1/1-1.1:1.0/input/input22
[  734.107685] hid-generic 0003:17EF:6047.0008: input,hidraw0: USB HID v1.00 Keyboard [Lenovo ThinkPad Compact USB Keyboard with TrackPoint] on usb-0000:00:14.0-1.1/input0
[  734.113501] input: Lenovo ThinkPad Compact USB Keyboard with TrackPoint as /devices/pci0000:00/0000:00:14.0/usb1/1-1/1-1.1/1-1.1:1.1/input/input23
[  734.165937] hid-generic 0003:17EF:6047.0009: input,hiddev0,hidraw1: USB HID v1.00 Mouse [Lenovo ThinkPad Compact USB Keyboard with TrackPoint] on usb-0000:00:14.0-1.1/input1
[  755.098098] iwlwifi 0000:00:14.3: Applying debug destination EXTERNAL_DRAM
[  755.213642] iwlwifi 0000:00:14.3: Applying debug destination EXTERNAL_DRAM
[  755.278783] iwlwifi 0000:00:14.3: FW already configured (0) - re-configuring
[  755.291272] iwlwifi 0000:00:14.3: BIOS contains WGDS but no WRDS
[  755.292342] IPv6: ADDRCONF(NETDEV_UP): wlp0s20f3: link is not ready
[  757.997480] fuse init (API version 7.23)
[  758.371069] wlp0s20f3: authenticate with 72:5d:cc:4b:ef:78
[  758.372806] wlp0s20f3: send auth to 72:5d:cc:4b:ef:78 (try 1/3)
[  758.412683] wlp0s20f3: authenticated
[  758.413424] wlp0s20f3: associate with 72:5d:cc:4b:ef:78 (try 1/3)
[  758.418608] wlp0s20f3: RX AssocResp from 72:5d:cc:4b:ef:78 (capab=0xc11 status=0 aid=2)
[  758.427575] wlp0s20f3: associated
[  758.547212] alg: No test for fips(ansi_cprng) (fips_ansi_cprng)
[  758.561726] IPv6: ADDRCONF(NETDEV_CHANGE): wlp0s20f3: link becomes ready
[  761.078513] Bluetooth: RFCOMM TTY layer initialized
[  761.078524] Bluetooth: RFCOMM socket layer initialized
[  761.078633] Bluetooth: RFCOMM ver 1.11
[  762.152360] rfkill: input handler disabled
[ 1174.662931] CPU7: Core temperature above threshold, cpu clock throttled (total events = 1)
[ 1174.662932] CPU3: Core temperature above threshold, cpu clock throttled (total events = 1)
[ 1174.662934] CPU3: Package temperature above threshold, cpu clock throttled (total events = 1)
[ 1174.662937] CPU7: Package temperature above threshold, cpu clock throttled (total events = 1)
[ 1174.662965] CPU5: Package temperature above threshold, cpu clock throttled (total events = 1)
[ 1174.662966] CPU1: Package temperature above threshold, cpu clock throttled (total events = 1)
[ 1174.662969] CPU4: Package temperature above threshold, cpu clock throttled (total events = 1)
[ 1174.662970] CPU0: Package temperature above threshold, cpu clock throttled (total events = 1)
[ 1174.662971] CPU2: Package temperature above threshold, cpu clock throttled (total events = 1)
[ 1174.662972] CPU6: Package temperature above threshold, cpu clock throttled (total events = 1)
[ 1174.663936] CPU0: Package temperature/speed normal
[ 1174.663937] CPU7: Core temperature/speed normal
[ 1174.663938] CPU5: Package temperature/speed normal
[ 1174.663938] CPU1: Package temperature/speed normal
[ 1174.663939] CPU3: Core temperature/speed normal
[ 1174.663940] CPU4: Package temperature/speed normal
[ 1174.663940] CPU7: Package temperature/speed normal
[ 1174.663942] CPU3: Package temperature/speed normal
[ 1174.663971] CPU6: Package temperature/speed normal
[ 1174.663971] CPU2: Package temperature/speed normal
[ 1321.275011] rfkill: input handler enabled
